I'm sorry, but errors were detected in your script. Please correct the
errors listed below, and try again.


File "game/script.rpy", line 238: expected ':' not found.
    label chap2
               ^

Ren'Py Version: Ren'Py 7.4.2.1292
Thu Feb  4 21:33:23 2021
